// Jest Snapshot v1, https://goo.gl/fbAQLP

exports[`<Slides /> renders for a Slides correctly 1`] = `
<View
  accessibilityState={
    {
      "busy": undefined,
      "checked": undefined,
      "disabled": undefined,
      "expanded": undefined,
      "selected": undefined,
    }
  }
  accessibilityValue={
    {
      "max": undefined,
      "min": undefined,
      "now": undefined,
      "text": undefined,
    }
  }
  accessible={true}
  collapsable={false}
  focusable={false}
  onClick={[Function]}
  onResponderGrant={[Function]}
  onResponderMove={[Function]}
  onResponderRelease={[Function]}
  onResponderTerminate={[Function]}
  onResponderTerminationRequest={[Function]}
  onStartShouldSetResponder={[Function]}
  style={
    {
      "opacity": 1,
      "paddingHorizontal": 10,
    }
  }
>
  <View
    style={{}}
  >
    <Image
      source={
        {
          "uri": "",
        }
      }
      style={
        {
          "bottom": 0,
          "left": 0,
          "position": "absolute",
          "resizeMode": "contain",
          "right": 0,
          "top": 0,
        }
      }
    />
  </View>
  <View
    style={
      [
        {},
        {
          "height": 400.2,
        },
      ]
    }
  >
    <Text
      numberOfLines={2}
      style={{}}
    />
    <Text
      numberOfLines={1}
      style={{}}
    />
  </View>
</View>
`;
